// Jest Snapshot v1, https://goo.gl/fbAQLP

exports[`<GridText /> Should render 1`] = `undefined`;
