// Jest Snapshot v1, https://goo.gl/fbAQLP

exports[`<GridTwoColumns /> Should render GridTwoColumns 1`] = `
.c5 {
  color: #0A1128;
  font-size: 6.4rem;
  text-transform: uppercase;
}

.c2 {
  display: grid;
  grid-template-columns: 1fr 2fr;
  align-items: center;
  gap: 3.2rem;
}

.c2 .c4 {
  margin-bottom: 4rem;
}

.c1 {
  max-width: 120rem;
  margin: 0 auto;
  padding: 3.2rem;
}

.c0 {
  background: white;
  color: #0A1128;
  min-height: 100vh;
  display: flex;
  align-items: center;
}

.c6 {
  font-size: 2.4rem;
}

@media (max-width: 768px) {
  .c5 {
    font-size: 4rem;
  }
}

@media (max-width: 768px) {
  .c2 {
    grid-template-columns: 1fr;
  }
}

@media (max-width: 768px) {
  .c3 {
    margin-bottom: 3.2rem;
  }
}

<div>
  <div
    class="c0"
    id=""
  >
    <div
      class="c1"
    >
      <div
        class="c2"
      >
        <div
          class="c3"
        >
          <h2
            class="c4 c5"
          >
            Grid Two Columns
             
          </h2>
          <div
            class="c6"
          >
            Contrary to popular belief, Lorem Ipsum is not simply random text. It has roots in a piece of classical Latin literature from 45 BC, making it over 2000 years old.
          </div>
        </div>
        <div
          class=""
        >
          <img
            alt="Grid Two Columns"
            class=""
            src="assets/img/javascript.svg"
          />
        </div>
      </div>
    </div>
  </div>
</div>
`;
