// Jest Snapshot v1, https://goo.gl/fbAQLP

exports[`<Footer /> Should render Footer 1`] = `
.c4 {
  font-size: 2.4rem;
}

.c2 {
  max-width: 120rem;
  margin: 0 auto;
  padding: 3.2rem;
}

.c0 {
  border-top: solid 0.2rem #DDDDDD;
  text-align: center;
}

.c0 a {
  color: inherit;
  text-align: center;
}

.c0 .c3 {
  font-size: 1.6rem;
}

.c0 .c1 {
  padding-top: 0;
  padding-bottom: 0;
}

<div>
  <div
    class="c0"
  >
    <div
      class="c1 c2"
    >
      <div
        class="c3 c4"
      >
        <h1>
          Ol√°
        </h1>
      </div>
    </div>
  </div>
</div>
`;
