// Jest Snapshot v1, https://goo.gl/fbAQLP

exports[`<SearchInput /> should match snapshot 1`] = `
<input
  placeholder="search"
  type="search"
  value="testing..."
/>
`;
