// Jest Snapshot v1, https://goo.gl/fbAQLP

exports[`<PostCard /> should match snapshot 1`] = `
<div
  class="post"
>
  <img
    alt="A Random Title"
    src="./img/img.png"
  />
  <div
    class="post-content"
  >
    <h2>
      A Random Title
    </h2>
    <p>
      Some body... that song from Shrek.
    </p>
  </div>
</div>
`;
