// Jest Snapshot v1, https://goo.gl/fbAQLP

exports[`<LogoLink /> Should match snapshot 1`] = `
.c1 {
  display: flex;
  align-items: center;
  color: inherit;
}

.c1>img {
  max-height: 2.5rem;
}

.c0 {
  color: #0A1128;
  font-size: 2.4rem;
  text-transform: uppercase;
}

<h1
  class="c0"
>
  <a
    class="c1"
    href="#"
  >
    <img
      alt="hallo world"
      src="image.jpg"
    />
  </a>
</h1>
`;
