// Jest Snapshot v1, https://goo.gl/fbAQLP

exports[`<GridImage /> Should render 1`] = `undefined`;
