// Jest Snapshot v1, https://goo.gl/fbAQLP

exports[`<MenuLink /> Should open the link in a new tab 1`] = `
.c0 {
  display: block;
  font-size: 1.6rem;
  padding: 2.4rem;
  color: #0A1128;
  position: relative;
}

.c0::after {
  content: '';
  display: block;
  width: 0%;
  height: 0.2rem;
  background: #DC143C;
  margin: 1rem auto;
  transition: all 300ms ease-in-out;
  position: absolute;
  left: 50%;
}

.c0:hover::after {
  width: 50%;
  left: 25%;
}

<a
  class="c0"
  href="http://localhost"
  target="_self"
>
  Children
</a>
`;
